2025-07-24T13:54:21.723Z [RTM] [32minfo[39m: Skipping network creation. Observe that all external IO operations will yield a runtime error.
>>> Main thread finished with value: [41@{}%{}, 47@{}%{}, 107@{}%{}, 169@{}%{}, 234@{}%{}, 241@{}%{}, 248@{}%{}, 252@{}%{}, 273@{}%{}, 332@{}%{}, 379@{}%{}, 413@{}%{}, 416@{}%{}, 484@{}%{}, 496@{}%{}, 499@{}%{}, 516@{}%{}, 571@{}%{}, 659@{}%{}, 693@{}%{}, 732@{}%{}, 754@{}%{}, 803@{}%{}, 878@{}%{}, 954@{}%{}]@{}%{}
